<?xml version="1.0" encoding="UTF-8"?><?xml-stylesheet type="text/xsl" href="sitemap.xsl"?>
<urlset xmlns:xsi="http://www.w3.org/2001/XMLSchema-instance" xmlns:image="http://www.google.com/schemas/sitemap-image/1.1" xsi:schemaLocation="http://www.sitemaps.org/schemas/sitemap/0.9 http://www.sitemaps.org/schemas/sitemap/0.9/sitemap.xsd" xmlns="http://www.sitemaps.org/schemas/sitemap/0.9">
    <url>
        <loc>http://yoursite.com/</loc>
        <changefreq>daily</changefreq>
        <priority>1</priority>
    </url>

    <url>
        <loc>http://yoursite.com/page3</loc>
        <lastmod>2014-12-20T11:00:00.000Z</lastmod>
        <changefreq>weekly</changefreq>
        <priority>0.8</priority>
    </url>

    <url>
        <loc>http://yoursite.com/page2</loc>
        <lastmod>2014-12-15T10:00:00.000Z</lastmod>
        <changefreq>weekly</changefreq>
        <priority>0.8</priority>
    </url>

    <url>
        <loc>http://yoursite.com/page1</loc>
        <lastmod>2014-12-10T09:00:00.000Z</lastmod>
        <changefreq>weekly</changefreq>
        <priority>0.8</priority>
    </url>

</urlset>
<!-- XML Sitemap generated by Dimas Lanjaka -->
