<?xml version="1.0" encoding="UTF-8"?><?xml-stylesheet type="text/xsl" href="sitemap.xsl"?>
<urlset xmlns:xsi="http://www.w3.org/2001/XMLSchema-instance" xmlns:image="http://www.google.com/schemas/sitemap-image/1.1" xsi:schemaLocation="http://www.sitemaps.org/schemas/sitemap/0.9 http://www.sitemaps.org/schemas/sitemap/0.9/sitemap.xsd" xmlns="http://www.sitemaps.org/schemas/sitemap/0.9">
    <url>
        <loc>http://yoursite.com/</loc>
        <changefreq>daily</changefreq>
        <priority>1</priority>
    </url>

    <url>
        <loc>http://yoursite.com/foo</loc>
        <lastmod>2015-01-01T08:00:00.000Z</lastmod>
        <changefreq>weekly</changefreq>
        <priority>0.6</priority>

        <image:image>
            <image:loc>http://yoursite.com/images/img01.jpg</image:loc>
        </image:image>

        <image:image>
            <image:loc>http://yoursite.com/images/img02.jpg</image:loc>
        </image:image>

        <image:image>
            <image:loc>http://anotherdomain/images/img03.jpg</image:loc>
        </image:image>

    </url>

</urlset>
<!-- XML Sitemap generated by Hexo SEO Friendly Sitemap Generator -->
