<?xml version="1.0" encoding="UTF-8"?><?xml-stylesheet type="text/xsl" href="sitemap.xsl"?>
<sitemapindex xmlns="http://www.sitemaps.org/schemas/sitemap/0.9">

    <sitemap>
        <loc>http://yoursite.com/post-sitemap-1.xml</loc>
        <lastmod>2015-01-03T16:00:00.000Z</lastmod>
    </sitemap>

    <sitemap>
      <loc>http://yoursite.com/post-sitemap-2.xml</loc>
      <lastmod>2015-01-02T14:00:00.000Z</lastmod>
    </sitemap>

    <sitemap>
      <loc>http://yoursite.com/post-sitemap-3.xml</loc>
      <lastmod>2015-01-01T08:00:00.000Z</lastmod>
    </sitemap>

    <sitemap>
        <loc>http://yoursite.com/page-sitemap.xml</loc>
        <lastmod>2014-12-20T11:00:00.000Z</lastmod>
    </sitemap>

    <sitemap>
        <loc>http://yoursite.com/category-sitemap.xml</loc>
        <lastmod>2015-01-01T08:00:00.000Z</lastmod>
    </sitemap>

    <sitemap>
        <loc>http://yoursite.com/tag-sitemap.xml</loc>
        <lastmod>2015-01-01T08:00:00.000Z</lastmod>
    </sitemap>

</sitemapindex>
<!-- XML Sitemap generated by Hexo SEO Friendly Sitemap Generator -->